// Jest Snapshot v1, https://goo.gl/fbAQLP

exports[`<Input /> matches snapshot when shallowly rendered 1`] = `
<Box
  sx={
    {
      "&:after": {
        "borderBottomColor": "secondary",
        "borderBottomStyle": "solid",
        "borderBottomWidth": "2px",
        "bottom": 0,
        "content": "" "",
        "display": "block",
        "left": 0,
        "pointerEvents": "none",
        "position": "absolute",
        "right": 0,
        "transform": "scaleX(0)",
        "transition": "transform 200ms cubic-bezier(0.0, 0, 0.2, 1) 0ms",
      },
      "&:before": {
        "borderBottomColor": "muted",
        "borderBottomStyle": "solid",
        "borderBottomWidth": "1px",
        "bottom": 0,
        "content": "" "",
        "display": "block",
        "left": 0,
        "pointerEvents": "none",
        "position": "absolute",
        "right": 0,
      },
      "&:hover:before": {
        "borderBottomColor": "gray.2",
      },
      "position": "relative",
    }
  }
>
  <ForwardRef
    id={null}
    onAnimationStart={[Function]}
    onBlur={[Function]}
    onFocus={[Function]}
    px={0}
    sx={
      {
        "&:-webkit-autofill": {
          "animationDuration": "50000s",
          "animationName": {
            "anim": 1,
            "name": "animation-1iev27x",
            "styles": "@keyframes animation-1iev27x{
	from {}
}",
            "toString": [Function],
          },
          "fontSize": [
            2,
            4,
          ],
        },
        "&:-webkit-autofill::firstline": {
          "fontSize": [
            2,
            4,
          ],
        },
        "&::WebkitSearchDecoration": {
          "WebkitAppearance": "none",
        },
        "&::placeholder": {
          "opacity": "0 !important",
        },
        "&:focus": {
          "outline": 0,
        },
        "&:invalid": {
          "boxShadow": "none",
        },
        "&:not(:-webkit-autofill)": {
          "animationDuration": "50000s",
          "animationName": {
            "anim": 1,
            "name": "animation-ereosx",
            "styles": "@keyframes animation-ereosx{
	from {}
	to: {}
}",
            "toString": [Function],
          },
        },
        "WebkitTapHighlightColor": "transparent",
        "animationDuration": "50000s",
        "border": "none",
        "color": "inherit",
        "fontSize": [
          2,
          4,
        ],
        "width": "100%",
      }
    }
  />
</Box>
`;
