// Jest Snapshot v1, https://goo.gl/fbAQLP

exports[`<Col /> matches snapshot when shallowly rendered 1`] = `
<Box
  px={2}
  width={
    Array [
      NaN,
    ]
  }
/>
`;
