// Jest Snapshot v1, https://goo.gl/fbAQLP

exports[`<ThemeProvider /> matches snapshot when shallowly rendered 1`] = `<ThemeProvider />`;
