// Jest Snapshot v1, https://goo.gl/fbAQLP

exports[`<TextField /> matches snapshot when shallowly rendered 1`] = `
<SuperField>
  <Label />
  <Input
    type="text"
  />
  <Hint />
</SuperField>
`;
