// Jest Snapshot v1, https://goo.gl/fbAQLP

exports[`<RadioGroupField /> matches snapshot when shallowly rendered 1`] = `
<FormGroup>
  <RadioGroup
    aria-label={null}
    name="test"
  />
</FormGroup>
`;
