// Jest Snapshot v1, https://goo.gl/fbAQLP

exports[`<SliderField /> matches snapshot when shallowly rendered 1`] = `
<Box
  sx={
    Object {
      "position": "relative",
    }
  }
>
  <Text
    mb={0}
    sx={
      Object {
        "position": Array [
          "absolute",
          "absolute",
          "static",
        ],
        "right": 0,
        "textAlign": "right",
        "top": 0,
      }
    }
  >
    <DefaultRenderValues />
  </Text>
  <FormGroup
    id="field-0"
  >
    <Slider
      id="field-0"
    />
  </FormGroup>
</Box>
`;
