// Jest Snapshot v1, https://goo.gl/fbAQLP

exports[`<FormGroup /> matches snapshot when shallowly rendered 1`] = `
<Box
  as="fieldset"
  sx={
    {
      "appearance": "none",
      "border": "none",
      "p": 0,
    }
  }
>
  <Row
    alignItems="center"
    flexWrap="wrap"
    justifyContent="center"
  >
    <Col
      pb={
        [
          2,
          2,
          0,
        ]
      }
      span={
        [
          12,
          12,
          5,
          4,
        ]
      }
    >
      <Label
        as="label"
        sx={
          {
            "p": 0,
            "width": "100%",
          }
        }
      />
    </Col>
    <Col
      span={
        [
          12,
          12,
          7,
          8,
        ]
      }
    />
  </Row>
  <Row>
    <Col
      span={12}
    />
  </Row>
</Box>
`;
