// Jest Snapshot v1, https://goo.gl/fbAQLP

exports[`<AbstractButton /> matches snapshot when shallowly rendered 1`] = `
<button
  onKeyDown={[Function]}
  tabIndex={0}
/>
`;
