// Jest Snapshot v1, https://goo.gl/fbAQLP

exports[`<TransparentSelect /> matches snapshot when shallowly rendered 1`] = `
<ForwardRef
  px={0}
  sx={
    Object {
      "&:focus": Object {
        "outline": 0,
      },
      "&:invalid": Object {
        "boxShadow": "none",
      },
      "WebkitTapHighlightColor": "transparent",
      "border": "none",
      "color": "inherit",
      "fontSize": Array [
        2,
        2,
        2,
        4,
      ],
      "width": "100%",
    }
  }
/>
`;
