// Jest Snapshot v1, https://goo.gl/fbAQLP

exports[`<Image /> matches snapshot when shallowly rendered 1`] = `<ForwardRef />`;
