// Jest Snapshot v1, https://goo.gl/fbAQLP

exports[`<Tabs /> matches snapshot when shallowly rendered 1`] = `
<ContextProvider>
  <Box />
</ContextProvider>
`;
