// Jest Snapshot v1, https://goo.gl/fbAQLP

exports[`<Row /> matches snapshot when shallowly rendered 1`] = `
<Flex
  mx={-2}
/>
`;
