// Jest Snapshot v1, https://goo.gl/fbAQLP

exports[`<Flex /> matches snapshot when shallowly rendered 1`] = `<Styled(div) />`;
