// Jest Snapshot v1, https://goo.gl/fbAQLP

exports[`<SelectField /> matches snapshot when shallowly rendered 1`] = `
<SuperField>
  <SuperFieldLabel
    alwaysShrank={false}
  />
  <Select />
  <SuperFieldHint />
</SuperField>
`;
