// Jest Snapshot v1, https://goo.gl/fbAQLP

exports[`<IconArrowDownward /> matches snapshot when shallowly rendered 1`] = `
<SvgIcon>
  <rect
    height="24"
    opacity="0"
    width="24"
  />
  <path
    d="M12 16a1 1 0 0 1-.64-.23l-6-5a1 1 0 1 1 1.28-1.54L12 13.71l5.36-4.32a1 1 0 0 1 1.41.15 1 1 0 0 1-.14 1.46l-6 4.83A1 1 0 0 1 12 16z"
  />
</SvgIcon>
`;
