// Jest Snapshot v1, https://goo.gl/fbAQLP

exports[`<RadioGroup /> matches snapshot when shallowly rendered 1`] = `
<Flex
  flexWrap="wrap"
  role="radiogroup"
/>
`;
