// Jest Snapshot v1, https://goo.gl/fbAQLP

exports[`<Hamburger /> matches snapshot when shallowly rendered 1`] = `
<Flex
  sx={
    Object {
      "alignItems": "center",
      "backgroundColor": "transparent",
      "cursor": "pointer",
      "height": 64,
      "justifyContent": "center",
      "transition": "background-color .25s ease-in",
      "width": 64,
    }
  }
>
  <Box
    sx={
      Object {
        "height": "18px",
        "position": "relative",
        "span": Object {
          "backgroundColor": "primary",
          "display": "block",
          "height": "2px",
          "opacity": 1,
          "position": "absolute",
          "transform": "translateX(0)",
          "transition": "transform .25s ease-in, opacity .25s ease-in",
          "width": "100%",
        },
        "span:nth-child(1)": Object {
          "top": 0,
        },
        "span:nth-child(2)": Object {
          "&:after": Object {
            "backgroundColor": "primary",
            "content": "\\"\\"",
            "display": "block",
            "height": "2px",
            "left": 0,
            "opacity": 0,
            "position": "absolute",
            "transform": "rotate(0) translateX(0)",
            "transition": "opacity .25s ease-in, transform .25s ease-in",
            "width": "100%",
          },
          "top": "calc(( 100% / 2 ) - 1px )",
        },
        "span:nth-child(3)": Object {
          "bottom": 0,
        },
        "transform": "rotate(0deg)",
        "transition": ".3s ease-in-out",
        "width": "24px",
      }
    }
  >
    <span />
    <span />
    <span />
  </Box>
</Flex>
`;
