// Jest Snapshot v1, https://goo.gl/fbAQLP

exports[`<SuperFieldHint /> matches snapshot when shallowly rendered 1`] = `
<Text
  fontSize={
    Array [
      0,
      1,
    ]
  }
  mb={0}
  sx={
    Object {
      "fontSize": 0,
      "letterSpacing": "mono",
      "minHeight": "16px",
    }
  }
/>
`;
