// Jest Snapshot v1, https://goo.gl/fbAQLP

exports[`<RadioGroupField /> matches snapshot when shallowly rendered 1`] = `
<Box
  as="fieldset"
  sx={
    Object {
      "appearance": "none",
      "border": "none",
      "p": 0,
    }
  }
>
  <Row
    flexWrap="wrap"
  >
    <Col
      pb={
        Array [
          2,
          0,
        ]
      }
      span={
        Array [
          12,
          6,
          5,
          4,
        ]
      }
    >
      <Label
        as="legend"
        sx={
          Object {
            "p": 0,
            "width": "100%",
          }
        }
      />
    </Col>
    <Col
      span={
        Array [
          12,
          6,
          7,
          8,
        ]
      }
    >
      <RadioGroup
        aria-label={null}
      />
    </Col>
  </Row>
  <Row>
    <Col
      span={12}
    />
  </Row>
</Box>
`;
