// Jest Snapshot v1, https://goo.gl/fbAQLP

exports[`<HeadingAnchor /> matches snapshot when shallowly rendered 1`] = `
<Heading
  onMouseEnter={[Function]}
  onMouseLeave={[Function]}
/>
`;
