// Jest Snapshot v1, https://goo.gl/fbAQLP

exports[`<Modal /> matches snapshot when shallowly rendered 1`] = `
<Box
  sx={
    {
      "WebkitOverflowScrolling": "touch",
      "backgroundColor": "background",
      "borderRadius": "5px",
      "overflowX": "hidden",
      "overflowY": "auto",
      "width": [
        "100%",
        "75%",
      ],
    }
  }
/>
`;
