// Jest Snapshot v1, https://goo.gl/fbAQLP

exports[`<Slider /> matches snapshot when shallowly rendered 1`] = `<ForwardRef />`;
