// Jest Snapshot v1, https://goo.gl/fbAQLP

exports[`<SelectField /> matches snapshot when shallowly rendered 1`] = `
<SuperField>
  <Label />
  <Select />
  <Hint />
</SuperField>
`;
